PASS install/sum.test.js

Test Suites: 1 passed, 1 total
Tests:       1 passed, 1 total
Snapshots:   0 total
Time:        0.164 s, estimated 1 s
